          name          | nationality
------------------------+-------------
 Celine Dion            | Canada
 Don Henley             | America
 Kenny Chesney          | America
 Kylie Minogue          | Australia
 LL Cool Jay            | America
 Lisa Marie Presley     | America
 Marc Anthony           | America
 Steven Alexander James | British
(8 rows)

