    artist_name     |            album_name            
--------------------+----------------------------------
 Akon               | Trouble
 Alicia Keys        | Girl On Fire
 Angus Young        | T.N.T.
 Axl Rose           | Appetite For Destruction
 Barbra Streisand   | People
 Bjork              | Homogenic
 Bono               | How To Dismantle An Atomic Bomb
 Bono               | Pop
 Bruce Springsteen  | Live In New York City
 Bryan Adams        |  Waking Up the Neighbours
 Bryan Adams        | Cuts Like a Knife
 Bryan Adams        | If Wishes Were Horses
 Celine Dion        | The Essential Celine Dion
 David Bowie        | Aladdin Sane
 Don Henley         | Hotel California
 Florence Welch     | How Big, How Blue, How Beautiful
 James Hetfield     | Master Of Puppets
 Jimi Hendrix       | Band Of Gypsys
 John Lennon        | Meet The Beatles!
 John Lennon        | Yesterday And Today
 Justin Timberlake  | The 20/20 Experience
 Kanye West         | Graduation
 Kenny Chesney      | Me And You
 Kenny Chesney      | When The Sun Goes Down
 Kylie Minogue      | Rhythm of Love
 LL Cool Jay        | Mama Said Knock You Out
 LL Cool Jay        | Phenomenon
 Lady Gaga          | Born This Way
 Lady Gaga          | The Fame Monster
 Leonard Cohen      | Songs of Leonard Cohen
 Lisa Marie Presley | Everyday Robots
 Lisa Marie Presley | To Whom It May Concern
 Lorde              | Pure Heroine
 Luciano Pavarotti  | Tenor Arias From Italian Opera
 Marc Anthony       | Todo A Su Tiempo
 Marlene Dietrich   | Marlene Dietrich Overseas
 Michael Buble      | To Be Loved
 Michael Jackson    | Michael
 Michael Jackson    | Thriller
 Paul Anka          | Let's Sit This One Out
 Paul Anka          | Paul Anka
 Paul McCartney     | Pipes of Peace
 Paul McCartney     | Press To Play
 Pharrell Williams  | G I R L
 Randy Bachman      | American Woman
 Ray Charles        | Ray Charles
 Ray Charles        | The Genius Sings The Blues
 Steppenwolf        | Monster
 Steppenwolf        | The Second
 Steven Tyler       | Toys In The Attic
 Stevie Nicks       | Bella Donna
 Taylor Swift       | Speak Now
 Thomas Bangalter   | Human After All
 Tony Bennett       | The Beat Of My Heart
 Usher              | Confessions Special Edition
 Z                  | The Blueprint 3
(56 rows)

