 artist_id | band_id | start_year | end_year
-----------+---------+------------+----------
         1 |      14 |       1971 |     1988
        18 |       6 |       1976 |     1978
        30 |       8 |       1989 |     2015
        33 |       7 |       1970 |     2010
        36 |       9 |       2005 |     2011
        37 |      10 |       1960 |     1970
        39 |      10 |       1960 |     1970
        40 |      11 |       1973 |     1983
        40 |      11 |       2014 |     2015
        43 |      12 |       1992 |     2005
        50 |      13 |       1972 |     2001
        58 |      15 |       1999 |     2002
        59 |      16 |       1968 |     1972
        60 |      17 |       1985 |     2006
        61 |      63 |       2000 |     2020
        62 |      64 |       2003 |     2020
(16 rows)
  
